==== 2025-11-21 09:18:20 -0600
Started analysis, run 372
Reading from "file:///home/lasitha/MyFiles/Analyzer/moller-counting-test/data/test_vtp_372.evio.0"
Event limit reached.
==== 2025-11-21 09:18:22 -0600
Summary for run 372
Counter summary:
1002  events read
1002  events decoded
1000  physics events
   2  other event types
1000  physics events analyzed
1002  events accepted

Timing summary:
Init             : Real Time =   1.30 seconds Cpu Time =   1.06 seconds
Begin            : Real Time =   0.00 seconds Cpu Time =   0.00 seconds
RawDecode        : Real Time =   0.13 seconds Cpu Time =   0.13 seconds
Decode           : Real Time =   0.02 seconds Cpu Time =   0.02 seconds
CoarseTracking   : Real Time =   0.00 seconds Cpu Time =   0.00 seconds
CoarseReconstruct: Real Time =   0.01 seconds Cpu Time =   0.00 seconds
Tracking         : Real Time =   0.00 seconds Cpu Time =   0.00 seconds
Reconstruct      : Real Time =   0.00 seconds Cpu Time =   0.00 seconds
Physics          : Real Time =   0.00 seconds Cpu Time =   0.00 seconds
End              : Real Time =   0.00 seconds Cpu Time =   0.00 seconds
Output           : Real Time =   0.73 seconds Cpu Time =   0.59 seconds
Cuts             : Real Time =   0.01 seconds Cpu Time =   0.02 seconds
Total            : Real Time =   2.26 seconds Cpu Time =   1.86 seconds
